// Jest Snapshot v1, https://goo.gl/fbAQLP

exports[`Render PlayerEntry -> with no props 1`] = `
<div
  class="container"
>
  <br />
  <div
    class="row"
  >
    <div
      class="col"
    >
      <div
        class="jumbotron jumbotron-fluid"
      >
        <div
          class="container-fluid"
        >
          <center>
            <h1
              class="display-3"
            >
              Timeline
            </h1>
          </center>
        </div>
      </div>
    </div>
  </div>
  <div
    class="row"
  >
    <div
      class="col"
    >
      <label
        for="playerName"
      >
        What is Your Name:
      </label>
      <center>
        <div
          class="input-group"
        >
          <input
            class="form-control"
            id="playerName"
            placeholder="John Smith"
            type="text"
          />
          <div
            class="input-group-append"
          >
            <button
              class="btn btn-secondary"
            >
              Enter
            </button>
          </div>
        </div>
      </center>
    </div>
  </div>
</div>
`;
