// Jest Snapshot v1, https://goo.gl/fbAQLP

exports[`Render PlayerPage -> with minimal props 1`] = `
<div
  className="container"
>
  <br />
  <div
    className="row"
  >
    <div
      className="col"
    >
      <center>
        <p>
          Pick a character
        </p>
        <br />
      </center>
      <center>
        <button
          aria-label={null}
          className="btn btn-secondary"
          onClick={[Function]}
          type="button"
        >
          Cade Goodbarrel
        </button>
        <br />
        <br />
      </center>
    </div>
  </div>
</div>
`;
