// Jest Snapshot v1, https://goo.gl/fbAQLP

exports[`Render PlayerPage -> after setting state moveOn to go, page should render Timeline 1`] = `
<Timeline
  characterName="cade"
  exitTimeLine={[Function]}
  playerObject={
    Object {
      "timelines": Object {
        "ameria": Object {
          "characters": Object {
            "cade": Object {
              "characterKey": "cade",
              "name": "Cade Goodbarrel",
              "timeline": Object {
                "events": Object {},
              },
              "timelineKey": "ameria",
            },
          },
          "name": "Ameria",
        },
      },
    }
  }
  timelineName=""
/>
`;

exports[`Render PlayerPage -> with minimal props 1`] = `
<div
  class="container"
>
  <br />
  <div
    class="row"
  >
    <div
      class="col"
    >
      <center>
        <p>
          Pick a character
        </p>
        <br />
      </center>
      <center>
        <p>
          Ameria
        </p>
        <br />
      </center>
      <center>
        <button
          class="btn btn-secondary"
          type="button"
        >
          Cade Goodbarrel
        </button>
        <br />
        <br />
      </center>
    </div>
  </div>
</div>
`;
